[2026-07-28 15:01:13] info: GET /api/health 304 2.982 ms - - bytes - ::1
[2026-07-28 15:01:22] info: GET /api/health 304 0.856 ms - - bytes - ::1
[2026-07-28 15:01:26] info: GET /api/health 304 0.566 ms - - bytes - ::1
[2026-07-28 15:01:29] info: GET /api/health 304 0.445 ms - - bytes - ::1
[2026-07-28 15:04:11] info: GET /api/health 304 0.884 ms - - bytes - ::1
[2026-07-28 15:05:13] info: POST /api/auth/signup 201 5496.991 ms - 69 bytes - ::1
[2026-07-28 15:05:13] info: GET /api/health 304 0.634 ms - - bytes - ::1
[2026-07-28 15:06:35] info: POST /api/auth/verify-otp 200 802.731 ms - 597 bytes - ::1
[2026-07-28 15:06:36] info: GET /api/health 304 0.457 ms - - bytes - ::1
[2026-07-28 15:08:00] info: GET /api/health 304 0.526 ms - - bytes - ::1
[2026-07-28 15:12:14] info: GET /api/health 304 0.364 ms - - bytes - ::1
[2026-07-28 15:16:59] info: GET /api/health 304 0.252 ms - - bytes - ::1
[2026-07-28 15:19:42] info: GET /api/health 304 0.272 ms - - bytes - ::1
[2026-07-28 15:21:03] info: GET /api/health 304 0.427 ms - - bytes - ::1
[2026-07-28 15:28:36] info: GET /api/health 304 2.174 ms - - bytes - ::1
[2026-07-28 15:29:47] info: GET /api/health 304 0.602 ms - - bytes - ::1
[2026-07-28 15:33:06] info: GET /api/health 304 0.282 ms - - bytes - ::1
[2026-07-28 15:33:27] info: GET /api/health 304 0.809 ms - - bytes - ::1
[2026-07-28 15:34:18] info: POST /api/auth/signup 201 5173.230 ms - 69 bytes - ::1
[2026-07-28 15:34:18] info: GET /api/health 304 1.363 ms - - bytes - ::1
[2026-07-28 15:34:42] info: POST /api/auth/verify-otp 200 399.118 ms - 601 bytes - ::1
[2026-07-28 15:34:43] info: GET /api/health 304 1.178 ms - - bytes - ::1
[2026-07-28 15:35:23] info: GET /api/health 304 0.317 ms - - bytes - ::1
[2026-07-28 15:36:04] info: GET /api/health 304 0.701 ms - - bytes - ::1
[2026-07-28 15:37:59] info: POST /api/auth/logout 200 226.549 ms - 46 bytes - ::1
[2026-07-28 15:37:59] info: GET /api/health 304 1.527 ms - - bytes - ::1
[2026-07-28 15:38:13] info: POST /api/auth/login 200 344.453 ms - 590 bytes - ::1
[2026-07-28 15:38:13] info: GET /api/health 304 0.682 ms - - bytes - ::1
[2026-07-28 15:38:19] info: POST /api/auth/logout 200 190.661 ms - 46 bytes - ::1
[2026-07-28 15:38:19] info: GET /api/health 304 0.414 ms - - bytes - ::1
[2026-07-28 15:38:29] info: POST /api/auth/login 200 343.905 ms - 590 bytes - ::1
[2026-07-28 15:38:29] info: GET /api/health 304 0.224 ms - - bytes - ::1
[2026-07-28 15:39:43] info: GET /api/health 304 0.331 ms - - bytes - ::1
[2026-07-28 15:39:53] info: GET /api/health 304 0.293 ms - - bytes - ::1
[2026-07-28 15:43:14] info: GET /api/health 304 0.341 ms - - bytes - ::1
[2026-07-28 15:44:54] info: GET /api/health 304 0.438 ms - - bytes - ::1
[2026-07-28 15:44:59] info: GET /api/health 304 0.538 ms - - bytes - ::1
[2026-07-28 16:35:30] info: GET /api/health 304 1.554 ms - - bytes - ::1
[2026-07-28 16:39:42] info: GET /api/health 304 0.423 ms - - bytes - ::1
[2026-07-28 16:41:21] info: GET /api/health 304 0.349 ms - - bytes - ::1
[2026-07-28 16:42:47] info: GET /api/health 304 3.030 ms - - bytes - ::1
[2026-07-28 16:44:14] info: GET /api/health 304 0.884 ms - - bytes - ::1
[2026-07-28 16:46:00] info: GET /api/health 304 0.502 ms - - bytes - ::1
[2026-07-28 16:47:45] info: GET /api/health 304 0.519 ms - - bytes - ::1
[2026-07-28 16:52:00] info: GET /api/health 304 0.693 ms - - bytes - ::1
[2026-07-28 16:55:49] info: GET /api/health 304 10.368 ms - - bytes - ::1
[2026-07-28 16:58:27] info: GET /api/health 304 0.548 ms - - bytes - ::1
[2026-07-28 17:02:51] info: GET /api/health 304 0.536 ms - - bytes - ::1
[2026-07-28 17:03:09] info: GET /api/health 304 0.963 ms - - bytes - ::1
[2026-07-28 17:04:36] info: GET /api/health 304 0.345 ms - - bytes - ::1
[2026-07-28 17:05:49] info: GET /api/health 304 0.354 ms - - bytes - ::1
[2026-07-28 17:05:53] info: GET /api/dashboard/student 200 853.795 ms - 349 bytes - ::1
[2026-07-28 17:06:53] info: GET /api/dashboard/student 304 238.323 ms - - bytes - ::1
[2026-07-28 17:07:33] info: GET /api/dashboard/student 304 462.528 ms - - bytes - ::1
[2026-07-28 17:08:25] info: GET /api/dashboard/student 304 335.223 ms - - bytes - ::1
[2026-07-28 17:08:27] info: GET /api/dashboard/student 304 299.658 ms - - bytes - ::1
[2026-07-28 17:16:07] info: GET /api/health 304 11.261 ms - - bytes - ::1
[2026-07-28 17:16:56] info: GET /api/health 304 0.465 ms - - bytes - ::1
[2026-07-28 17:17:20] info: GET /api/health 304 1.083 ms - - bytes - ::1
[2026-07-28 17:17:36] info: GET /api/health 304 0.359 ms - - bytes - ::1
[2026-07-28 17:18:06] info: GET /api/health 304 0.324 ms - - bytes - ::1
[2026-07-28 17:18:12] info: GET /api/dashboard/student 304 2260.320 ms - - bytes - ::1
[2026-07-28 17:19:52] info: GET /api/health 304 0.364 ms - - bytes - ::1
[2026-07-28 17:19:58] info: GET /api/dashboard/student 304 745.154 ms - - bytes - ::1
[2026-07-28 17:26:19] info: GET /api/health 304 0.314 ms - - bytes - ::1
[2026-07-28 17:26:47] info: GET /api/dashboard/student 304 269.288 ms - - bytes - ::1
[2026-07-28 17:26:50] info: GET /api/health 304 3.214 ms - - bytes - ::1
[2026-07-28 17:26:56] info: GET /api/health 304 0.177 ms - - bytes - ::1
[2026-07-28 17:26:57] info: GET /api/dashboard/student 304 264.763 ms - - bytes - ::1
[2026-07-28 17:39:36] info: GET /api/health 304 0.273 ms - - bytes - ::1
[2026-07-28 17:40:36] info: GET /api/health 304 0.770 ms - - bytes - ::1
[2026-07-28 17:40:56] info: GET /api/health 304 0.348 ms - - bytes - ::1
[2026-07-28 17:44:05] info: GET /api/health 304 0.302 ms - - bytes - ::1
[2026-07-28 17:44:09] info: GET /api/dashboard/student 304 452.257 ms - - bytes - ::1
[2026-07-28 17:47:52] info: GET /api/health 304 0.779 ms - - bytes - ::1
[2026-07-28 17:47:52] info: GET /api/profile 200 168.813 ms - 618 bytes - ::1
[2026-07-28 17:50:31] info: GET /api/health 304 0.442 ms - - bytes - ::1
[2026-07-28 17:50:32] info: GET /api/health 304 0.534 ms - - bytes - ::1
[2026-07-28 17:50:32] info: GET /api/dashboard/student 304 273.148 ms - - bytes - ::1
[2026-07-28 17:50:35] info: GET /api/health 304 1.077 ms - - bytes - ::1
[2026-07-28 17:50:36] info: GET /api/profile 304 189.786 ms - - bytes - ::1
[2026-07-28 17:50:38] info: GET /api/health 304 1.258 ms - - bytes - ::1
[2026-07-28 17:50:38] info: GET /api/dashboard/student 304 256.416 ms - - bytes - ::1
[2026-07-28 18:09:05] info: GET /api/health 304 1.280 ms - - bytes - ::1
[2026-07-28 18:15:14] info: GET /api/health 304 0.301 ms - - bytes - ::1
[2026-07-28 18:15:14] info: GET /api/profile 304 130.942 ms - - bytes - ::1
[2026-07-28 18:16:41] error: ValidationError: User validation failed: gender: `Male` is not a valid enum value for path `gender`.
    at model.validate (C:\Users\Debabrata Andia\OneDrive\Desktop\DEMO\backend\node_modules\mongoose\lib\document.js:2864:36)
    at process.processTicksAndRejections (node:internal/process/task_queues:105:5)
    at async model.$__save (C:\Users\Debabrata Andia\OneDrive\Desktop\DEMO\backend\node_modules\mongoose\lib\model.js:399:7)
    at async maybeTracedSave (C:\Users\Debabrata Andia\OneDrive\Desktop\DEMO\backend\node_modules\mongoose\lib\model.js:675:7)
    at async file:///C:/Users/Debabrata%20Andia/OneDrive/Desktop/DEMO/backend/src/controllers/profile.controller.js:69:5
[2026-07-28 18:16:41] info: PUT /api/profile 400 199.663 ms - 98 bytes - ::1
[2026-07-28 18:16:56] error: ValidationError: User validation failed: gender: `Male` is not a valid enum value for path `gender`.
    at model.validate (C:\Users\Debabrata Andia\OneDrive\Desktop\DEMO\backend\node_modules\mongoose\lib\document.js:2864:36)
    at process.processTicksAndRejections (node:internal/process/task_queues:105:5)
    at async model.$__save (C:\Users\Debabrata Andia\OneDrive\Desktop\DEMO\backend\node_modules\mongoose\lib\model.js:399:7)
    at async maybeTracedSave (C:\Users\Debabrata Andia\OneDrive\Desktop\DEMO\backend\node_modules\mongoose\lib\model.js:675:7)
    at async file:///C:/Users/Debabrata%20Andia/OneDrive/Desktop/DEMO/backend/src/controllers/profile.controller.js:69:5
[2026-07-28 18:16:56] info: PUT /api/profile 400 107.419 ms - 98 bytes - ::1
[2026-07-28 18:32:46] info: GET /api/health 304 1.944 ms - - bytes - ::1
[2026-07-28 18:32:57] info: GET /api/profile 304 328.834 ms - - bytes - ::1
[2026-07-28 18:39:23] info: GET /api/health 304 4.072 ms - - bytes - ::1
[2026-07-28 18:39:28] info: GET /api/profile 304 132.326 ms - - bytes - ::1
[2026-07-28 18:43:44] info: PUT /api/profile/profile-image 200 3864.835 ms - 772 bytes - ::1
[2026-07-28 18:43:44] info: PUT /api/profile 200 198.555 ms - 957 bytes - ::1
[2026-07-28 18:47:17] info: GET /api/health 304 1.281 ms - - bytes - ::1
[2026-07-28 18:47:17] info: GET /api/dashboard/student 200 210.464 ms - 394 bytes - ::1
[2026-07-28 18:47:20] info: GET /api/health 304 1.269 ms - - bytes - ::1
[2026-07-28 18:47:24] info: GET /api/health 304 0.334 ms - - bytes - ::1
[2026-07-28 18:47:24] info: GET /api/profile 200 97.253 ms - 929 bytes - ::1
[2026-07-28 18:47:27] info: GET /api/health 304 0.219 ms - - bytes - ::1
[2026-07-28 18:47:31] info: GET /api/profile 304 92.273 ms - - bytes - ::1
[2026-07-28 18:47:58] info: GET /api/health 304 0.265 ms - - bytes - ::1
[2026-07-28 18:48:01] info: GET /api/profile 304 102.123 ms - - bytes - ::1
[2026-07-28 18:48:07] info: GET /api/health 304 1.121 ms - - bytes - ::1
[2026-07-28 18:48:09] info: GET /api/health 304 0.198 ms - - bytes - ::1
[2026-07-28 18:48:14] info: GET /api/health 304 0.321 ms - - bytes - ::1
[2026-07-28 18:48:46] info: POST /api/auth/login 200 354.586 ms - 635 bytes - ::1
[2026-07-28 18:48:46] info: GET /api/health 304 1.104 ms - - bytes - ::1
[2026-07-28 18:48:47] info: GET /api/dashboard/student 304 189.106 ms - - bytes - ::1
[2026-07-28 18:49:17] info: GET /api/health 304 0.170 ms - - bytes - ::1
[2026-07-28 18:49:17] info: GET /api/profile 304 96.776 ms - - bytes - ::1
[2026-07-28 18:49:25] info: GET /api/health 304 9.816 ms - - bytes - ::1
[2026-07-28 18:49:26] info: GET /api/dashboard/student 304 209.154 ms - - bytes - ::1
[2026-07-28 18:49:26] info: GET /api/health 304 1.416 ms - - bytes - ::1
[2026-07-28 18:49:38] info: GET /api/health 304 0.303 ms - - bytes - ::1
[2026-07-28 18:50:41] info: POST /api/auth/signup 201 5261.025 ms - 69 bytes - ::1
[2026-07-28 18:50:41] info: GET /api/health 304 0.707 ms - - bytes - ::1
[2026-07-28 18:51:44] info: POST /api/auth/verify-otp 200 324.867 ms - 655 bytes - ::1
[2026-07-28 18:51:44] info: GET /api/health 304 0.405 ms - - bytes - ::1
[2026-07-28 18:51:44] info: GET /api/dashboard/student 200 197.406 ms - 374 bytes - ::1
[2026-07-28 18:51:56] info: GET /api/health 304 0.615 ms - - bytes - ::1
[2026-07-28 18:51:56] info: GET /api/profile 200 123.692 ms - 643 bytes - ::1
[2026-07-28 18:51:58] info: GET /api/health 304 0.399 ms - - bytes - ::1
[2026-07-28 18:51:59] info: GET /api/dashboard/student 304 480.114 ms - - bytes - ::1
[2026-07-28 18:52:06] info: GET /api/health 304 0.206 ms - - bytes - ::1
[2026-07-28 18:52:06] info: GET /api/profile 304 112.426 ms - - bytes - ::1
[2026-07-28 18:54:41] info: PUT /api/profile/profile-image 200 3369.265 ms - 771 bytes - ::1
[2026-07-28 18:54:41] info: PUT /api/profile 200 162.258 ms - 882 bytes - ::1
[2026-07-28 19:11:28] info: GET /api/health 304 6.954 ms - - bytes - ::1
[2026-07-28 19:15:41] info: GET /api/profile 200 215.213 ms - 854 bytes - ::1
[2026-07-28 19:15:44] info: GET /api/health 304 0.485 ms - - bytes - ::1
[2026-07-28 19:15:48] info: GET /api/profile 304 103.436 ms - - bytes - ::1
[2026-07-28 19:16:04] info: PUT /api/profile/profile-image 200 3654.737 ms - 1006 bytes - ::1
[2026-07-28 19:16:09] info: GET /api/health 304 0.264 ms - - bytes - ::1
[2026-07-28 19:16:13] info: GET /api/profile 200 330.485 ms - 958 bytes - ::1
[2026-07-28 19:16:33] info: GET /api/health 304 0.480 ms - - bytes - ::1
[2026-07-28 19:16:35] info: GET /api/health 304 0.371 ms - - bytes - ::1
[2026-07-28 19:16:36] info: GET /api/dashboard/student 200 290.067 ms - 475 bytes - ::1
[2026-07-28 19:16:52] info: GET /api/health 304 0.217 ms - - bytes - ::1
[2026-07-28 19:16:52] info: GET /api/profile 304 99.954 ms - - bytes - ::1
[2026-07-28 19:16:56] info: GET /api/health 304 0.306 ms - - bytes - ::1
[2026-07-28 19:16:57] info: GET /api/dashboard/student 304 203.910 ms - - bytes - ::1
[2026-07-28 23:06:28] info: GET /api/health 304 3.180 ms - - bytes - ::1
[2026-07-28 23:06:37] info: GET /api/dashboard/student 304 3024.732 ms - - bytes - ::1
[2026-07-28 23:09:22] info: GET /api/health 304 0.593 ms - - bytes - ::1
[2026-07-28 23:09:35] info: GET /api/health 304 0.494 ms - - bytes - ::1
[2026-07-28 23:09:35] info: GET /api/dashboard/student 304 198.537 ms - - bytes - ::1
[2026-07-28 23:36:39] info: GET /api/dashboard/student 200 280.578 ms - 527 bytes - ::1
[2026-07-28 23:36:41] info: GET /api/dashboard/student 304 270.781 ms - - bytes - ::1
[2026-07-28 23:38:31] info: GET /api/dashboard/student 200 281.598 ms - 531 bytes - ::1
[2026-07-28 23:38:34] info: GET /api/dashboard/student 304 276.318 ms - - bytes - ::1
[2026-07-28 23:55:59] info: GET /api/health 304 4.090 ms - - bytes - ::1
[2026-07-28 23:56:02] info: GET /api/dashboard/student 304 385.364 ms - - bytes - ::1
[2026-07-28 23:59:43] info: GET /api/dashboard/student 304 352.444 ms - - bytes - ::1
[2026-07-28 23:59:54] info: GET /api/dashboard/student 304 452.084 ms - - bytes - ::1
[2026-07-28 23:59:57] info: GET /api/dashboard/student 304 512.710 ms - - bytes - ::1
[2026-07-29 00:02:42] info: GET /api/dashboard/student 304 339.455 ms - - bytes - ::1
[2026-07-29 00:02:55] info: GET /api/dashboard/student 304 312.811 ms - - bytes - ::1
[2026-07-29 00:04:07] info: GET /api/health 304 0.607 ms - - bytes - ::1
[2026-07-29 00:04:14] info: GET /api/dashboard/student 304 267.676 ms - - bytes - ::1
[2026-07-29 00:06:28] info: GET /api/dashboard/student 304 256.025 ms - - bytes - ::1
[2026-07-29 00:06:40] info: GET /api/health 304 0.416 ms - - bytes - ::1
[2026-07-29 00:06:50] info: GET /api/dashboard/student 304 265.038 ms - - bytes - ::1
[2026-07-29 00:06:56] info: GET /api/health 304 0.649 ms - - bytes - ::1
[2026-07-29 00:07:05] info: GET /api/health 304 0.301 ms - - bytes - ::1
[2026-07-29 00:07:06] info: GET /api/dashboard/student 304 278.553 ms - - bytes - ::1
[2026-07-29 00:07:41] info: GET /api/health 304 0.584 ms - - bytes - ::1
[2026-07-29 00:07:43] info: GET /api/health 304 0.887 ms - - bytes - ::1
[2026-07-29 00:07:46] info: GET /api/health 304 0.678 ms - - bytes - ::1
[2026-07-29 00:07:51] info: GET /api/health 304 0.427 ms - - bytes - ::1
[2026-07-29 00:09:14] info: GET /api/health 304 0.310 ms - - bytes - ::1
[2026-07-29 00:10:10] info: GET /api/dashboard/student 304 284.015 ms - - bytes - ::1
[2026-07-29 00:15:57] info: GET /api/health 304 9.707 ms - - bytes - ::1
[2026-07-29 00:16:01] info: GET /api/dashboard/student 304 325.492 ms - - bytes - ::1
[2026-07-29 00:21:51] info: GET /api/health 304 2.494 ms - - bytes - ::1
[2026-07-29 00:21:55] info: GET /api/dashboard/student 304 336.895 ms - - bytes - ::1
[2026-07-29 00:29:38] info: GET /api/health 304 8.527 ms - - bytes - ::1
[2026-07-29 00:29:42] error: ReferenceError: Internship is not defined
    at file:///C:/Users/Debabrata%20Andia/OneDrive/Desktop/DEMO/backend/src/controllers/dashboard.controller.js:38:36
    at process.processTicksAndRejections (node:internal/process/task_queues:105:5)
[2026-07-29 00:29:42] info: GET /api/dashboard/student 500 323.130 ms - 72 bytes - ::1
[2026-07-29 00:29:43] info: GET /api/health 304 0.899 ms - - bytes - ::1
[2026-07-29 00:31:12] info: GET /api/health 304 3.023 ms - - bytes - ::1
[2026-07-29 00:32:11] info: GET /api/health 304 2.162 ms - - bytes - ::1
[2026-07-29 00:34:35] info: GET /api/health 304 0.713 ms - - bytes - ::1
[2026-07-29 00:34:41] info: GET /api/health 304 0.357 ms - - bytes - ::1
[2026-07-29 00:34:45] info: GET /api/health 304 1.081 ms - - bytes - ::1
[2026-07-29 00:35:01] error: Error: Invalid email or password
    at file:///C:/Users/Debabrata%20Andia/OneDrive/Desktop/DEMO/backend/src/controllers/auth.controller.js:115:15
    at process.processTicksAndRejections (node:internal/process/task_queues:105:5)
[2026-07-29 00:35:01] info: POST /api/auth/login 401 83.658 ms - 72 bytes - ::1
[2026-07-29 00:35:02] info: GET /api/health 304 1.180 ms - - bytes - ::1
[2026-07-29 00:35:08] info: GET /api/health 304 1.110 ms - - bytes - ::1
[2026-07-29 00:35:12] info: GET /api/health 304 0.245 ms - - bytes - ::1
[2026-07-29 00:36:21] info: POST /api/auth/signup 201 4122.142 ms - 69 bytes - ::1
[2026-07-29 00:36:22] info: GET /api/health 304 0.263 ms - - bytes - ::1
[2026-07-29 00:36:47] info: POST /api/auth/verify-otp 200 349.126 ms - 659 bytes - ::1
[2026-07-29 00:36:48] info: GET /api/health 304 0.311 ms - - bytes - ::1
[2026-07-29 00:36:48] info: GET /api/dashboard/student 200 327.136 ms - 1283 bytes - ::1
[2026-07-29 00:37:51] info: GET /api/dashboard/student 304 306.363 ms - - bytes - ::1
[2026-07-29 00:37:55] info: GET /api/dashboard/student 304 328.069 ms - - bytes - ::1
[2026-07-29 00:37:58] info: GET /api/dashboard/student 304 321.285 ms - - bytes - ::1
[2026-07-29 00:38:01] info: GET /api/dashboard/student 304 308.315 ms - - bytes - ::1
[2026-07-29 00:38:05] info: GET /api/dashboard/student 304 301.869 ms - - bytes - ::1
[2026-07-29 00:43:14] info: GET /api/health 304 10.275 ms - - bytes - ::1
[2026-07-29 00:43:18] info: GET /api/dashboard/student 200 494.084 ms - 2225 bytes - ::1
[2026-07-29 00:43:46] info: GET /api/health 304 10.543 ms - - bytes - ::1
[2026-07-29 00:43:51] info: GET /api/dashboard/student 200 559.910 ms - 2234 bytes - ::1
[2026-07-29 00:44:17] info: GET /api/health 304 0.302 ms - - bytes - ::1
[2026-07-29 00:45:03] info: GET /api/dashboard/student 304 609.639 ms - - bytes - ::1
[2026-07-29 00:46:10] info: GET /api/health 304 4.489 ms - - bytes - ::1
[2026-07-29 00:46:13] info: GET /api/dashboard/student 200 459.538 ms - 1861 bytes - ::1
[2026-07-29 00:50:33] info: GET /api/health 304 8.138 ms - - bytes - ::1
[2026-07-29 00:50:46] info: GET /api/health 304 1.979 ms - - bytes - ::1
[2026-07-29 00:50:46] info: GET /api/dashboard/student 200 478.720 ms - 2047 bytes - ::1
[2026-07-29 00:58:41] info: GET /api/health 304 0.781 ms - - bytes - ::1
[2026-07-29 01:00:01] info: GET /api/health 304 0.440 ms - - bytes - ::1
[2026-07-29 01:02:07] info: GET /api/health 304 1.967 ms - - bytes - ::1
[2026-07-29 01:02:07] info: GET /api/dashboard/student 304 440.157 ms - - bytes - ::1
[2026-07-29 01:02:12] info: GET /api/health 304 1.566 ms - - bytes - ::1
[2026-07-29 01:05:00] info: GET /api/health 304 0.702 ms - - bytes - ::1
[2026-07-29 01:21:18] info: GET /api/health 304 0.991 ms - - bytes - ::1
[2026-07-29 01:32:43] info: GET /api/dashboard/student 200 441.939 ms - 2115 bytes - ::1
[2026-07-29 01:33:20] info: GET /api/dashboard/student 304 791.716 ms - - bytes - ::1
[2026-07-29 01:33:22] info: GET /api/dashboard/student 304 481.779 ms - - bytes - ::1
[2026-07-29 01:33:32] info: GET /api/dashboard/student 304 483.779 ms - - bytes - ::1
[2026-07-29 01:33:35] info: GET /api/dashboard/student 304 439.571 ms - - bytes - ::1
[2026-07-29 01:34:23] info: GET /api/health 304 0.948 ms - - bytes - ::1
[2026-07-29 01:37:01] info: GET /api/dashboard/student 304 362.403 ms - - bytes - ::1
[2026-07-29 01:41:31] info: GET /api/health 304 1.943 ms - - bytes - ::1
[2026-07-29 01:41:35] info: GET /api/dashboard/student 304 362.400 ms - - bytes - ::1
[2026-07-29 01:46:43] info: GET /api/health 304 22.664 ms - - bytes - ::1
[2026-07-29 01:46:47] info: GET /api/dashboard/student 304 381.055 ms - - bytes - ::1
[2026-07-29 01:49:34] info: GET /api/health 304 2.546 ms - - bytes - ::1
[2026-07-29 01:49:44] info: GET /api/dashboard/student 304 421.242 ms - - bytes - ::1
[2026-07-29 01:51:24] info: GET /api/health 304 9.841 ms - - bytes - ::1
[2026-07-29 01:51:28] info: GET /api/dashboard/student 304 389.263 ms - - bytes - ::1
[2026-07-29 01:53:09] info: GET /api/health 304 5.874 ms - - bytes - ::1
[2026-07-29 01:53:13] info: GET /api/dashboard/student 304 548.870 ms - - bytes - ::1
[2026-07-29 01:54:52] info: GET /api/health 304 7.168 ms - - bytes - ::1
[2026-07-29 01:54:57] info: GET /api/dashboard/student 304 555.135 ms - - bytes - ::1
[2026-07-29 01:56:20] info: GET /api/health 304 4.013 ms - - bytes - ::1
[2026-07-29 01:56:24] info: GET /api/dashboard/student 304 537.758 ms - - bytes - ::1
[2026-07-29 01:58:18] info: GET /api/health 304 2.423 ms - - bytes - ::1
[2026-07-29 01:58:22] info: GET /api/dashboard/student 304 508.257 ms - - bytes - ::1
[2026-07-29 01:59:52] info: GET /api/health 304 5.658 ms - - bytes - ::1
[2026-07-29 01:59:56] info: GET /api/dashboard/student 304 519.378 ms - - bytes - ::1
[2026-07-29 02:01:23] info: GET /api/health 304 6.525 ms - - bytes - ::1
[2026-07-29 02:01:27] error: ReferenceError: mongoose is not defined
    at file:///C:/Users/Debabrata%20Andia/OneDrive/Desktop/DEMO/backend/src/controllers/dashboard.controller.js:36:25
    at process.processTicksAndRejections (node:internal/process/task_queues:105:5)
[2026-07-29 02:01:27] info: GET /api/dashboard/student 500 217.267 ms - 70 bytes - ::1
[2026-07-29 02:01:28] info: GET /api/health 304 0.675 ms - - bytes - ::1
[2026-07-29 02:02:12] info: GET /api/health 304 76.587 ms - - bytes - ::1
[2026-07-29 02:03:57] info: GET /api/health 304 0.684 ms - - bytes - ::1
[2026-07-29 02:04:43] info: GET /api/health 304 0.500 ms - - bytes - ::1
[2026-07-29 02:06:05] info: GET /api/health 304 0.653 ms - - bytes - ::1
[2026-07-29 02:07:27] info: GET /api/health 304 0.522 ms - - bytes - ::1
[2026-07-29 02:08:22] info: GET /api/health 304 2.065 ms - - bytes - ::1
[2026-07-29 02:09:19] info: GET /api/health 304 4.519 ms - - bytes - ::1
[2026-07-29 02:09:42] info: GET /api/health 304 0.464 ms - - bytes - ::1
[2026-07-29 02:10:22] info: GET /api/health 304 0.544 ms - - bytes - ::1
[2026-07-29 02:12:11] info: GET /api/health 304 1.927 ms - - bytes - ::1
[2026-07-29 02:12:58] info: GET /api/health 304 3.100 ms - - bytes - ::1
[2026-07-29 02:14:39] info: GET /api/health 304 3.450 ms - - bytes - ::1
[2026-07-29 02:18:32] info: GET /api/health 304 2.528 ms - - bytes - ::1
[2026-07-29 02:21:41] info: GET /api/health 304 3.376 ms - - bytes - ::1
[2026-07-29 02:22:42] info: GET /api/health 304 0.931 ms - - bytes - ::1
[2026-07-29 02:26:31] info: GET /api/health 304 2.132 ms - - bytes - ::1
[2026-07-29 02:26:34] info: GET /api/health 304 0.615 ms - - bytes - ::1
[2026-07-29 02:26:48] info: GET /api/health 304 0.559 ms - - bytes - ::1
[2026-07-29 02:26:53] info: GET /api/dashboard/student 200 471.810 ms - 2115 bytes - ::1
[2026-07-29 02:27:20] info: GET /api/health 304 0.711 ms - - bytes - ::1
[2026-07-29 02:27:20] info: GET /api/dashboard/student 304 410.277 ms - - bytes - ::1
[2026-07-29 02:27:31] info: GET /api/health 304 0.266 ms - - bytes - ::1
[2026-07-29 02:27:36] info: GET /api/dashboard/student 304 404.364 ms - - bytes - ::1
[2026-07-29 02:27:49] info: GET /api/health 304 0.527 ms - - bytes - ::1
[2026-07-29 02:27:53] info: GET /api/dashboard/student 304 409.168 ms - - bytes - ::1
[2026-07-29 02:28:03] info: GET /api/health 304 0.393 ms - - bytes - ::1
[2026-07-29 02:28:03] info: GET /api/dashboard/student 304 392.678 ms - - bytes - ::1
[2026-07-29 02:30:42] info: GET /api/health 304 2.919 ms - - bytes - ::1
[2026-07-29 02:30:47] info: GET /api/dashboard/student 304 529.110 ms - - bytes - ::1
[2026-07-29 02:31:47] info: GET /api/dashboard/student 304 437.608 ms - - bytes - ::1
[2026-07-29 02:31:53] info: GET /api/dashboard/student 304 437.638 ms - - bytes - ::1
[2026-07-29 02:32:02] info: GET /api/dashboard/student 304 398.407 ms - - bytes - ::1
[2026-07-29 02:32:07] info: GET /api/dashboard/student 304 398.185 ms - - bytes - ::1
[2026-07-29 02:32:08] info: GET /api/dashboard/student 304 403.179 ms - - bytes - ::1
[2026-07-29 02:32:16] info: GET /api/dashboard/student 304 393.152 ms - - bytes - ::1
[2026-07-29 02:32:22] info: GET /api/dashboard/student 304 394.123 ms - - bytes - ::1
[2026-07-29 02:32:25] info: GET /api/dashboard/student 304 401.451 ms - - bytes - ::1
[2026-07-29 02:34:10] info: GET /api/health 304 3.599 ms - - bytes - ::1
[2026-07-29 02:34:14] info: GET /api/dashboard/student 304 446.064 ms - - bytes - ::1
[2026-07-29 02:35:46] info: GET /api/dashboard/student 304 507.264 ms - - bytes - ::1
[2026-07-29 02:35:49] info: GET /api/health 304 0.988 ms - - bytes - ::1
[2026-07-29 02:35:53] info: GET /api/dashboard/student 304 784.318 ms - - bytes - ::1
[2026-07-29 02:37:38] info: GET /api/health 304 4.305 ms - - bytes - ::1
[2026-07-29 02:37:42] info: GET /api/dashboard/student 304 530.354 ms - - bytes - ::1
[2026-07-29 02:39:23] info: GET /api/health 304 3.521 ms - - bytes - ::1
[2026-07-29 02:39:28] info: GET /api/dashboard/student 304 562.915 ms - - bytes - ::1
[2026-07-29 02:42:26] info: GET /api/health 304 3.525 ms - - bytes - ::1
[2026-07-29 02:42:29] error: ReferenceError: mongoose is not defined
    at file:///C:/Users/Debabrata%20Andia/OneDrive/Desktop/DEMO/backend/src/controllers/dashboard.controller.js:55:26
    at process.processTicksAndRejections (node:internal/process/task_queues:105:5)
[2026-07-29 02:42:29] info: GET /api/dashboard/student 500 375.354 ms - 70 bytes - ::1
[2026-07-29 02:42:30] info: GET /api/health 304 0.370 ms - - bytes - ::1
[2026-07-29 02:42:38] info: GET /api/health 304 0.459 ms - - bytes - ::1
[2026-07-29 02:42:43] info: GET /api/health 304 0.291 ms - - bytes - ::1
[2026-07-29 02:42:55] info: POST /api/auth/login 200 356.085 ms - 648 bytes - ::1
[2026-07-29 02:42:55] info: GET /api/health 304 0.298 ms - - bytes - ::1
[2026-07-29 02:42:55] error: ReferenceError: mongoose is not defined
    at file:///C:/Users/Debabrata%20Andia/OneDrive/Desktop/DEMO/backend/src/controllers/dashboard.controller.js:55:26
    at process.processTicksAndRejections (node:internal/process/task_queues:105:5)
[2026-07-29 02:42:55] info: GET /api/dashboard/student 500 507.546 ms - 70 bytes - ::1
[2026-07-29 02:42:56] info: GET /api/health 304 0.706 ms - - bytes - ::1
[2026-07-29 02:43:33] info: GET /api/health 304 4.672 ms - - bytes - ::1
[2026-07-29 02:43:35] info: GET /api/health 304 2.505 ms - - bytes - ::1
[2026-07-29 02:44:06] info: POST /api/auth/login 200 303.391 ms - 648 bytes - ::1
[2026-07-29 02:44:07] info: GET /api/health 304 1.516 ms - - bytes - ::1
[2026-07-29 02:44:07] info: GET /api/dashboard/student 200 547.206 ms - 2115 bytes - ::1
[2026-07-29 02:46:04] info: GET /api/health 304 26.913 ms - - bytes - ::1
[2026-07-29 02:46:08] info: GET /api/dashboard/student 200 476.337 ms - 2449 bytes - ::1
[2026-07-29 02:46:13] info: GET /api/health 304 0.417 ms - - bytes - ::1
[2026-07-29 02:46:13] info: GET /api/dashboard/student 304 547.095 ms - - bytes - ::1
[2026-07-29 02:48:25] info: GET /api/health 304 0.335 ms - - bytes - ::1
[2026-07-29 02:48:36] info: GET /api/dashboard/student 304 444.785 ms - - bytes - ::1
[2026-07-29 02:48:40] info: GET /api/health 304 0.316 ms - - bytes - ::1
[2026-07-29 02:48:44] info: GET /api/dashboard/student 304 426.405 ms - - bytes - ::1
[2026-07-29 02:50:53] info: GET /api/health 304 0.520 ms - - bytes - ::1
[2026-07-29 02:50:57] info: GET /api/dashboard/student 304 431.851 ms - - bytes - ::1
[2026-07-29 02:51:33] info: GET /api/health 304 0.414 ms - - bytes - ::1
[2026-07-29 02:51:37] info: GET /api/dashboard/student 304 420.915 ms - - bytes - ::1
[2026-07-29 02:55:41] info: GET /api/health 304 0.397 ms - - bytes - ::1
[2026-07-29 02:55:45] info: GET /api/dashboard/student 304 397.648 ms - - bytes - ::1
[2026-07-29 03:03:39] info: GET /api/health 304 0.319 ms - - bytes - ::1
[2026-07-29 03:04:22] info: GET /api/dashboard/student 304 411.710 ms - - bytes - ::1
[2026-07-29 03:04:30] info: GET /api/health 304 0.370 ms - - bytes - ::1
[2026-07-29 03:04:34] info: GET /api/dashboard/student 304 431.969 ms - - bytes - ::1
[2026-07-29 03:05:21] info: GET /api/health 304 0.431 ms - - bytes - ::1
[2026-07-29 03:05:30] info: GET /api/dashboard/student 304 410.725 ms - - bytes - ::1
[2026-07-29 03:06:31] info: GET /api/health 304 0.276 ms - - bytes - ::1
[2026-07-29 03:06:53] info: GET /api/dashboard/student 304 416.946 ms - - bytes - ::1
[2026-07-29 03:09:36] info: GET /api/dashboard/student 200 479.258 ms - 3358 bytes - ::1
[2026-07-29 03:09:53] info: GET /api/dashboard/student 304 430.761 ms - - bytes - ::1
[2026-07-29 03:11:06] info: GET /api/dashboard/student 304 438.924 ms - - bytes - ::1
[2026-07-29 03:11:23] info: GET /api/health 304 0.983 ms - - bytes - ::1
[2026-07-29 03:12:23] info: GET /api/health 304 0.433 ms - - bytes - ::1
[2026-07-29 03:12:27] info: GET /api/dashboard/student 304 505.144 ms - - bytes - ::1
[2026-07-29 03:15:37] info: GET /api/health 304 0.304 ms - - bytes - ::1
[2026-07-29 03:15:41] info: GET /api/dashboard/student 304 455.621 ms - - bytes - ::1
[2026-08-03 09:29:47] info: GET /api/health 304 4.111 ms - - bytes - ::1
[2026-08-03 09:31:21] info: GET /api/health 304 2.338 ms - - bytes - ::1
[2026-08-03 09:45:13] info: GET /api/health 304 1.898 ms - - bytes - ::1
[2026-08-03 09:45:16] info: GET /api/health 304 0.372 ms - - bytes - ::1
[2026-08-03 09:45:24] info: GET /api/health 304 0.512 ms - - bytes - ::1
[2026-08-03 09:45:27] info: GET /api/health 304 1.041 ms - - bytes - ::1
[2026-08-03 09:45:53] info: GET /api/health 304 1.059 ms - - bytes - ::1
[2026-08-03 09:45:56] info: GET /api/health 304 0.316 ms - - bytes - ::1
[2026-08-03 09:52:34] info: GET /api/health 304 0.411 ms - - bytes - ::1
[2026-08-03 09:52:38] info: GET /api/health 304 0.279 ms - - bytes - ::1
[2026-08-03 09:52:48] info: GET /api/health 304 0.425 ms - - bytes - ::1
[2026-08-03 09:52:51] info: GET /api/health 304 0.444 ms - - bytes - ::1
[2026-08-03 10:12:33] info: GET /api/health 304 13.623 ms - - bytes - ::1
[2026-08-03 10:12:43] info: GET /api/health 304 0.721 ms - - bytes - ::1
[2026-08-03 10:13:59] info: POST /api/auth/signup 201 4756.695 ms - 69 bytes - ::1
[2026-08-03 10:14:01] info: GET /api/health 304 1.634 ms - - bytes - ::1
[2026-08-03 10:14:18] info: POST /api/auth/verify-otp 200 544.532 ms - 661 bytes - ::1
[2026-08-03 10:14:18] info: GET /api/health 304 0.556 ms - - bytes - ::1
[2026-08-03 10:14:19] info: GET /api/dashboard/student 200 821.222 ms - 3026 bytes - ::1
[2026-08-03 10:15:46] info: GET /api/health 304 1.406 ms - - bytes - ::1
[2026-08-03 10:15:48] info: GET /api/health 304 0.662 ms - - bytes - ::1
[2026-08-03 10:16:54] info: GET /api/health 304 0.572 ms - - bytes - ::1
[2026-08-03 10:17:11] info: GET /api/health 304 0.304 ms - - bytes - ::1
[2026-08-03 10:23:51] info: GET /api/health 304 2.490 ms - - bytes - ::1
[2026-08-03 10:23:56] info: GET /api/health 304 0.262 ms - - bytes - ::1
[2026-08-03 10:26:22] info: POST /api/auth/admin/login 200 495.276 ms - 548 bytes - ::1
[2026-08-03 10:26:23] info: GET /api/health 304 0.486 ms - - bytes - ::1
[2026-08-03 10:26:33] info: GET /api/health 304 0.177 ms - - bytes - ::1
[2026-08-03 10:27:00] info: GET /api/health 304 0.416 ms - - bytes - ::1
[2026-08-03 10:27:02] info: GET /api/health 304 0.271 ms - - bytes - ::1
[2026-08-03 10:28:22] info: GET /api/health 304 0.452 ms - - bytes - ::1
[2026-08-03 10:28:24] info: GET /api/health 304 1.901 ms - - bytes - ::1
[2026-08-03 10:28:25] info: GET /api/health 304 0.395 ms - - bytes - ::1
[2026-08-03 10:28:26] info: GET /api/health 304 0.681 ms - - bytes - ::1
[2026-08-03 10:28:27] info: GET /api/health 304 0.272 ms - - bytes - ::1
[2026-08-03 10:28:29] info: GET /api/health 304 0.345 ms - - bytes - ::1
[2026-08-03 10:28:33] info: GET /api/health 304 0.599 ms - - bytes - ::1
[2026-08-03 10:28:42] info: GET /api/health 304 1.494 ms - - bytes - ::1
[2026-08-03 10:28:44] info: GET /api/health 304 0.589 ms - - bytes - ::1
[2026-08-03 10:40:51] info: GET /api/health 304 0.542 ms - - bytes - ::1
[2026-08-03 10:40:56] info: GET /api/health 304 0.749 ms - - bytes - ::1
[2026-08-03 11:12:28] info: GET /api/health 304 3.860 ms - - bytes - ::1
[2026-08-03 11:12:33] info: GET /api/dashboard/admin 200 1385.124 ms - 1694 bytes - ::1
[2026-08-03 11:14:17] info: GET /api/health 304 0.760 ms - - bytes - ::1
[2026-08-03 11:14:21] info: GET /api/dashboard/admin 304 1324.589 ms - - bytes - ::1
[2026-08-03 11:15:19] info: GET /api/health 304 1.546 ms - - bytes - ::1
[2026-08-03 11:15:24] info: GET /api/dashboard/admin 304 691.495 ms - - bytes - ::1
[2026-08-03 11:15:42] info: GET /api/health 304 0.340 ms - - bytes - ::1
[2026-08-03 11:15:46] info: GET /api/dashboard/admin 304 752.567 ms - - bytes - ::1
[2026-08-03 11:15:53] info: GET /api/health 304 4.723 ms - - bytes - ::1
[2026-08-03 11:15:57] info: GET /api/dashboard/admin 304 726.358 ms - - bytes - ::1
[2026-08-03 11:16:16] info: GET /api/health 304 0.321 ms - - bytes - ::1
[2026-08-03 11:16:21] info: GET /api/dashboard/admin 304 745.680 ms - - bytes - ::1
[2026-08-03 11:16:21] info: GET /api/health 304 0.304 ms - - bytes - ::1
[2026-08-03 11:16:26] info: GET /api/dashboard/admin 304 774.127 ms - - bytes - ::1
[2026-08-03 11:16:31] info: GET /api/health 304 0.286 ms - - bytes - ::1
[2026-08-03 11:16:36] info: GET /api/dashboard/admin 304 736.775 ms - - bytes - ::1
[2026-08-03 11:17:04] info: GET /api/health 304 0.465 ms - - bytes - ::1
[2026-08-03 11:17:09] info: GET /api/dashboard/admin 304 785.419 ms - - bytes - ::1
[2026-08-03 11:18:51] info: GET /api/health 304 0.322 ms - - bytes - ::1
[2026-08-03 11:18:55] info: GET /api/dashboard/admin 304 770.128 ms - - bytes - ::1
[2026-08-03 11:26:38] info: GET /api/health 304 0.295 ms - - bytes - ::1
[2026-08-03 11:27:10] info: GET /api/health 304 0.425 ms - - bytes - ::1
[2026-08-03 11:27:14] info: GET /api/dashboard/admin 304 724.222 ms - - bytes - ::1
[2026-08-03 11:27:49] info: GET /api/health 304 0.260 ms - - bytes - ::1
[2026-08-03 11:28:23] info: GET /api/dashboard/admin 304 733.928 ms - - bytes - ::1
[2026-08-03 11:30:51] info: GET /api/health 304 0.500 ms - - bytes - ::1
[2026-08-03 11:32:48] info: GET /api/dashboard/admin 304 686.249 ms - - bytes - ::1
[2026-08-03 11:32:49] info: GET /api/health 304 0.206 ms - - bytes - ::1
[2026-08-03 11:32:54] info: GET /api/dashboard/admin 304 742.150 ms - - bytes - ::1
[2026-08-03 11:40:41] info: GET /api/health 304 0.583 ms - - bytes - ::1
[2026-08-03 11:40:45] info: GET /api/dashboard/admin 304 729.045 ms - - bytes - ::1
[2026-08-03 11:43:49] info: GET /api/health 304 0.263 ms - - bytes - ::1
[2026-08-03 11:43:54] info: GET /api/dashboard/admin 304 872.491 ms - - bytes - ::1
[2026-08-03 12:04:31] info: GET /api/health 304 2.165 ms - - bytes - ::1
[2026-08-03 12:04:36] info: GET /api/dashboard/admin 200 1520.292 ms - 2257 bytes - ::1
[2026-08-03 12:06:29] info: GET /api/health 304 0.377 ms - - bytes - ::1
[2026-08-03 12:06:33] info: GET /api/dashboard/admin 304 1008.511 ms - - bytes - ::1
[2026-08-03 12:07:16] info: GET /api/health 304 0.627 ms - - bytes - ::1
[2026-08-03 12:07:21] info: GET /api/dashboard/admin 304 973.899 ms - - bytes - ::1
[2026-08-03 12:08:50] info: GET /api/health 304 0.687 ms - - bytes - ::1
[2026-08-03 12:09:40] info: GET /api/dashboard/admin 304 962.163 ms - - bytes - ::1
[2026-08-03 12:13:09] info: GET /api/dashboard/admin 304 997.041 ms - - bytes - ::1
[2026-08-03 12:13:13] info: GET /api/health 304 0.277 ms - - bytes - ::1
[2026-08-03 12:14:06] info: GET /api/dashboard/admin 304 1059.104 ms - - bytes - ::1
[2026-08-03 12:16:21] info: GET /api/health 304 0.250 ms - - bytes - ::1
[2026-08-03 12:16:59] info: GET /api/dashboard/admin 304 964.172 ms - - bytes - ::1
[2026-08-03 12:20:58] info: GET /api/health 304 2.923 ms - - bytes - ::1
[2026-08-03 12:22:00] info: GET /api/dashboard/admin 200 1278.408 ms - 2312 bytes - ::1
[2026-08-03 12:25:09] info: GET /api/dashboard/admin 200 2775.091 ms - 3099 bytes - ::1
[2026-08-03 12:25:10] info: GET /api/dashboard/admin 304 1302.228 ms - - bytes - ::1
[2026-08-03 12:26:02] info: GET /api/dashboard/admin 304 1236.116 ms - - bytes - ::1
[2026-08-03 12:26:13] info: GET /api/dashboard/admin 304 1245.287 ms - - bytes - ::1
[2026-08-03 12:29:07] info: GET /api/dashboard/admin 200 1994.918 ms - 3116 bytes - ::1
[2026-08-03 12:29:08] info: GET /api/dashboard/admin 304 1309.377 ms - - bytes - ::1
[2026-08-03 12:29:11] info: GET /api/dashboard/admin 304 1324.130 ms - - bytes - ::1
[2026-08-03 12:29:34] info: GET /api/dashboard/admin 304 1309.594 ms - - bytes - ::1
[2026-08-03 12:29:36] info: GET /api/dashboard/admin 304 1341.311 ms - - bytes - ::1
[2026-08-03 12:29:37] info: GET /api/dashboard/admin 304 1360.117 ms - - bytes - ::1
[2026-08-03 13:26:16] info: GET /api/health 304 2.677 ms - - bytes - ::1
[2026-08-03 13:26:22] info: GET /api/dashboard/admin 200 1915.302 ms - 3189 bytes - ::1
[2026-08-03 13:41:56] info: GET /api/health 304 3.186 ms - - bytes - ::1
[2026-08-03 13:43:36] info: GET /api/dashboard/admin 304 2593.716 ms - - bytes - ::1
[2026-08-03 13:44:36] info: GET /api/health 304 0.538 ms - - bytes - ::1
[2026-08-03 13:44:42] info: GET /api/dashboard/admin 304 2180.238 ms - - bytes - ::1
[2026-08-03 13:44:51] info: GET /api/health 304 0.514 ms - - bytes - ::1
[2026-08-03 13:44:56] info: GET /api/dashboard/admin 304 1950.662 ms - - bytes - ::1
[2026-08-03 13:45:06] info: GET /api/health 304 0.541 ms - - bytes - ::1
[2026-08-03 13:45:11] info: GET /api/dashboard/admin 304 1586.226 ms - - bytes - ::1
[2026-08-03 13:54:08] info: GET /api/dashboard/admin 200 1252.011 ms - 4615 bytes - ::1
[2026-08-03 13:54:09] info: GET /api/dashboard/admin 304 926.937 ms - - bytes - ::1
[2026-08-03 13:54:16] info: GET /api/health 304 0.324 ms - - bytes - ::1
[2026-08-03 13:54:48] info: GET /api/dashboard/admin 304 982.344 ms - - bytes - ::1
[2026-08-03 13:56:37] info: GET /api/dashboard/admin 304 967.081 ms - - bytes - ::1
[2026-08-03 13:56:40] info: GET /api/dashboard/admin 304 916.025 ms - - bytes - ::1
[2026-08-03 13:56:51] info: GET /api/dashboard/admin 304 962.543 ms - - bytes - ::1
[2026-08-03 14:10:29] info: GET /api/health 304 4.433 ms - - bytes - ::1
[2026-08-03 14:10:31] info: GET /api/health 304 0.643 ms - - bytes - ::1
[2026-08-03 14:10:32] info: GET /api/dashboard/admin 304 1627.573 ms - - bytes - ::1
[2026-08-03 14:10:53] info: GET /api/health 304 0.303 ms - - bytes - ::1
[2026-08-03 14:10:57] info: GET /api/health 304 0.685 ms - - bytes - ::1
[2026-08-03 14:10:58] info: GET /api/dashboard/admin 304 1028.803 ms - - bytes - ::1
[2026-08-03 14:57:08] info: GET /api/health 304 3.517 ms - - bytes - ::1
[2026-08-03 14:57:26] info: GET /api/health 304 0.434 ms - - bytes - ::1
[2026-08-03 14:57:30] info: GET /api/health 304 0.686 ms - - bytes - ::1
[2026-08-03 14:57:32] info: GET /api/health 304 0.839 ms - - bytes - ::1
[2026-08-03 14:58:33] info: POST /api/auth/admin/login 200 752.481 ms - 548 bytes - ::1
[2026-08-03 14:58:33] info: GET /api/health 304 0.406 ms - - bytes - ::1
[2026-08-03 14:58:39] info: GET /api/dashboard/admin 304 5853.341 ms - - bytes - ::1
[2026-08-03 15:21:28] info: GET /api/health 304 4.262 ms - - bytes - ::1
[2026-08-03 15:21:34] info: GET /api/dashboard/admin 200 2333.446 ms - 4134 bytes - ::1
[2026-08-03 15:32:04] info: GET /api/health 304 13.847 ms - - bytes - ::1
[2026-08-03 15:32:08] info: GET /api/dashboard/admin 304 730.529 ms - - bytes - ::1
