[2026-07-28 18:16:41] error: ValidationError: User validation failed: gender: `Male` is not a valid enum value for path `gender`.
    at model.validate (C:\Users\Debabrata Andia\OneDrive\Desktop\DEMO\backend\node_modules\mongoose\lib\document.js:2864:36)
    at process.processTicksAndRejections (node:internal/process/task_queues:105:5)
    at async model.$__save (C:\Users\Debabrata Andia\OneDrive\Desktop\DEMO\backend\node_modules\mongoose\lib\model.js:399:7)
    at async maybeTracedSave (C:\Users\Debabrata Andia\OneDrive\Desktop\DEMO\backend\node_modules\mongoose\lib\model.js:675:7)
    at async file:///C:/Users/Debabrata%20Andia/OneDrive/Desktop/DEMO/backend/src/controllers/profile.controller.js:69:5
[2026-07-28 18:16:56] error: ValidationError: User validation failed: gender: `Male` is not a valid enum value for path `gender`.
    at model.validate (C:\Users\Debabrata Andia\OneDrive\Desktop\DEMO\backend\node_modules\mongoose\lib\document.js:2864:36)
    at process.processTicksAndRejections (node:internal/process/task_queues:105:5)
    at async model.$__save (C:\Users\Debabrata Andia\OneDrive\Desktop\DEMO\backend\node_modules\mongoose\lib\model.js:399:7)
    at async maybeTracedSave (C:\Users\Debabrata Andia\OneDrive\Desktop\DEMO\backend\node_modules\mongoose\lib\model.js:675:7)
    at async file:///C:/Users/Debabrata%20Andia/OneDrive/Desktop/DEMO/backend/src/controllers/profile.controller.js:69:5
[2026-07-29 00:29:42] error: ReferenceError: Internship is not defined
    at file:///C:/Users/Debabrata%20Andia/OneDrive/Desktop/DEMO/backend/src/controllers/dashboard.controller.js:38:36
    at process.processTicksAndRejections (node:internal/process/task_queues:105:5)
[2026-07-29 00:35:01] error: Error: Invalid email or password
    at file:///C:/Users/Debabrata%20Andia/OneDrive/Desktop/DEMO/backend/src/controllers/auth.controller.js:115:15
    at process.processTicksAndRejections (node:internal/process/task_queues:105:5)
[2026-07-29 02:01:27] error: ReferenceError: mongoose is not defined
    at file:///C:/Users/Debabrata%20Andia/OneDrive/Desktop/DEMO/backend/src/controllers/dashboard.controller.js:36:25
    at process.processTicksAndRejections (node:internal/process/task_queues:105:5)
[2026-07-29 02:42:29] error: ReferenceError: mongoose is not defined
    at file:///C:/Users/Debabrata%20Andia/OneDrive/Desktop/DEMO/backend/src/controllers/dashboard.controller.js:55:26
    at process.processTicksAndRejections (node:internal/process/task_queues:105:5)
[2026-07-29 02:42:55] error: ReferenceError: mongoose is not defined
    at file:///C:/Users/Debabrata%20Andia/OneDrive/Desktop/DEMO/backend/src/controllers/dashboard.controller.js:55:26
    at process.processTicksAndRejections (node:internal/process/task_queues:105:5)
